mode: set
github.com/oops1/gogit/internal/app/app.go:154.82,156.2 1 1
github.com/oops1/gogit/internal/app/app.go:158.103,159.16 1 1
github.com/oops1/gogit/internal/app/app.go:159.16,161.3 1 1
github.com/oops1/gogit/internal/app/app.go:162.2,163.16 2 1
github.com/oops1/gogit/internal/app/app.go:163.16,165.3 1 1
github.com/oops1/gogit/internal/app/app.go:166.2,171.16 5 1
github.com/oops1/gogit/internal/app/app.go:171.16,173.3 1 1
github.com/oops1/gogit/internal/app/app.go:174.2,175.9 2 1
github.com/oops1/gogit/internal/app/app.go:175.9,177.3 1 1
github.com/oops1/gogit/internal/app/app.go:178.2,179.9 2 1
github.com/oops1/gogit/internal/app/app.go:179.9,181.3 1 1
github.com/oops1/gogit/internal/app/app.go:182.2,182.109 1 1
github.com/oops1/gogit/internal/app/app.go:182.109,183.32 1 1
github.com/oops1/gogit/internal/app/app.go:183.32,185.4 1 1
github.com/oops1/gogit/internal/app/app.go:187.2,188.9 2 1
github.com/oops1/gogit/internal/app/app.go:188.9,190.3 1 1
github.com/oops1/gogit/internal/app/app.go:191.2,192.9 2 1
github.com/oops1/gogit/internal/app/app.go:192.9,194.3 1 0
github.com/oops1/gogit/internal/app/app.go:195.2,196.9 2 1
github.com/oops1/gogit/internal/app/app.go:196.9,198.3 1 1
github.com/oops1/gogit/internal/app/app.go:199.2,200.9 2 1
github.com/oops1/gogit/internal/app/app.go:200.9,202.3 1 0
github.com/oops1/gogit/internal/app/app.go:203.2,203.55 1 1
github.com/oops1/gogit/internal/app/app.go:203.55,205.3 1 1
github.com/oops1/gogit/internal/app/app.go:206.2,206.38 1 1
github.com/oops1/gogit/internal/app/app.go:206.38,207.49 1 1
github.com/oops1/gogit/internal/app/app.go:207.49,209.4 1 1
github.com/oops1/gogit/internal/app/app.go:211.2,211.35 1 1
github.com/oops1/gogit/internal/app/app.go:211.35,212.57 1 1
github.com/oops1/gogit/internal/app/app.go:212.57,214.4 1 0
github.com/oops1/gogit/internal/app/app.go:216.2,217.9 2 1
github.com/oops1/gogit/internal/app/app.go:217.9,219.3 1 1
github.com/oops1/gogit/internal/app/app.go:220.2,221.9 2 1
github.com/oops1/gogit/internal/app/app.go:221.9,223.3 1 1
github.com/oops1/gogit/internal/app/app.go:224.2,225.9 2 1
github.com/oops1/gogit/internal/app/app.go:225.9,227.3 1 0
github.com/oops1/gogit/internal/app/app.go:228.2,230.9 3 1
github.com/oops1/gogit/internal/app/app.go:230.9,232.3 1 0
github.com/oops1/gogit/internal/app/app.go:233.2,234.42 2 1
github.com/oops1/gogit/internal/app/app.go:234.42,235.49 1 1
github.com/oops1/gogit/internal/app/app.go:235.49,237.4 1 0
github.com/oops1/gogit/internal/app/app.go:239.2,240.9 2 1
github.com/oops1/gogit/internal/app/app.go:240.9,242.3 1 0
github.com/oops1/gogit/internal/app/app.go:244.2,273.73 8 1
github.com/oops1/gogit/internal/app/app.go:273.73,275.3 1 1
github.com/oops1/gogit/internal/app/app.go:276.2,276.63 1 1
github.com/oops1/gogit/internal/app/app.go:276.63,277.92 1 0
github.com/oops1/gogit/internal/app/app.go:277.92,279.4 1 0
github.com/oops1/gogit/internal/app/app.go:281.2,327.38 45 1
github.com/oops1/gogit/internal/app/app.go:327.38,327.61 1 1
github.com/oops1/gogit/internal/app/app.go:328.2,335.53 8 1
github.com/oops1/gogit/internal/app/app.go:335.53,335.72 1 1
github.com/oops1/gogit/internal/app/app.go:336.2,338.15 3 1
github.com/oops1/gogit/internal/app/app.go:341.39,341.55 1 1
github.com/oops1/gogit/internal/app/app.go:343.37,343.54 1 1
github.com/oops1/gogit/internal/app/app.go:345.49,345.73 1 1
github.com/oops1/gogit/internal/app/app.go:347.45,347.66 1 1
github.com/oops1/gogit/internal/app/app.go:349.39,349.55 1 1
github.com/oops1/gogit/internal/app/app.go:351.29,355.2 3 1
github.com/oops1/gogit/internal/app/app.go:357.51,361.2 3 1
github.com/oops1/gogit/internal/app/app.go:363.43,368.27 5 1
github.com/oops1/gogit/internal/app/app.go:368.27,370.3 1 1
github.com/oops1/gogit/internal/app/app.go:371.2,373.13 3 1
github.com/oops1/gogit/internal/app/app.go:376.61,381.2 4 1
github.com/oops1/gogit/internal/app/app.go:383.40,388.13 5 1
github.com/oops1/gogit/internal/app/app.go:388.13,390.3 1 1
github.com/oops1/gogit/internal/app/app.go:393.43,398.13 5 1
github.com/oops1/gogit/internal/app/app.go:398.13,400.3 1 1
github.com/oops1/gogit/internal/app/app.go:403.33,416.2 12 1
github.com/oops1/gogit/internal/app/app.go:418.45,420.40 2 1
github.com/oops1/gogit/internal/app/app.go:420.40,422.3 1 1
github.com/oops1/gogit/internal/app/app.go:423.2,424.16 2 1
github.com/oops1/gogit/internal/app/app.go:424.16,440.3 15 1
github.com/oops1/gogit/internal/app/app.go:441.2,456.18 16 1
github.com/oops1/gogit/internal/app/app.go:459.42,463.2 3 1
github.com/oops1/gogit/internal/app/app.go:465.46,469.2 3 1
github.com/oops1/gogit/internal/app/app.go:471.39,475.2 3 1
github.com/oops1/gogit/internal/app/app.go:477.41,481.2 3 1
github.com/oops1/gogit/internal/app/app.go:483.33,487.2 3 1
github.com/oops1/gogit/internal/app/app.go:489.38,493.2 3 1
github.com/oops1/gogit/internal/app/app.go:495.37,500.14 5 1
github.com/oops1/gogit/internal/app/app.go:500.14,502.3 1 1
github.com/oops1/gogit/internal/app/app.go:503.2,503.34 1 1
github.com/oops1/gogit/internal/app/app.go:503.34,505.3 1 1
github.com/oops1/gogit/internal/app/app.go:506.2,506.18 1 1
github.com/oops1/gogit/internal/app/app.go:509.35,511.14 2 1
github.com/oops1/gogit/internal/app/app.go:511.14,513.3 1 1
github.com/oops1/gogit/internal/app/app.go:514.2,515.16 2 1
github.com/oops1/gogit/internal/app/app.go:515.16,519.3 3 1
github.com/oops1/gogit/internal/app/app.go:520.2,525.26 6 1
github.com/oops1/gogit/internal/app/app.go:525.26,527.3 1 1
github.com/oops1/gogit/internal/app/app.go:528.2,528.20 1 1
github.com/oops1/gogit/internal/app/app.go:531.54,532.19 1 1
github.com/oops1/gogit/internal/app/app.go:532.19,534.3 1 1
github.com/oops1/gogit/internal/app/app.go:535.2,535.21 1 1
github.com/oops1/gogit/internal/app/app.go:538.41,540.2 1 1
github.com/oops1/gogit/internal/app/app.go:542.41,543.34 1 1
github.com/oops1/gogit/internal/app/app.go:543.34,545.3 1 1
github.com/oops1/gogit/internal/app/app.go:546.2,547.40 2 1
github.com/oops1/gogit/internal/app/app.go:547.40,549.3 1 1
github.com/oops1/gogit/internal/app/app.go:550.2,551.79 2 1
github.com/oops1/gogit/internal/app/app.go:554.34,556.9 2 1
github.com/oops1/gogit/internal/app/app.go:556.9,559.3 2 1
github.com/oops1/gogit/internal/app/app.go:560.2,560.96 1 1
github.com/oops1/gogit/internal/app/app.go:563.64,564.16 1 1
github.com/oops1/gogit/internal/app/app.go:564.16,566.3 1 1
github.com/oops1/gogit/internal/app/app.go:567.2,567.60 1 1
github.com/oops1/gogit/internal/app/app.go:570.51,571.81 1 1
github.com/oops1/gogit/internal/app/app.go:571.81,573.3 1 1
github.com/oops1/gogit/internal/app/app.go:574.2,575.21 2 1
github.com/oops1/gogit/internal/app/app.go:575.21,578.73 3 1
github.com/oops1/gogit/internal/app/app.go:578.73,580.4 1 1
github.com/oops1/gogit/internal/app/app.go:582.2,582.23 1 1
github.com/oops1/gogit/internal/app/app.go:585.26,588.55 3 1
github.com/oops1/gogit/internal/app/app.go:588.55,589.10 1 1
github.com/oops1/gogit/internal/app/app.go:589.10,591.4 1 1
github.com/oops1/gogit/internal/app/app.go:592.3,593.17 2 1
github.com/oops1/gogit/internal/app/app.go:593.17,595.4 1 1
github.com/oops1/gogit/internal/app/app.go:596.3,596.82 1 1
github.com/oops1/gogit/internal/app/app.go:596.82,599.4 2 0
github.com/oops1/gogit/internal/app/app.go:600.3,601.58 2 1
github.com/oops1/gogit/internal/app/app.go:601.58,603.4 1 1
github.com/oops1/gogit/internal/app/app.go:607.39,608.72 1 1
github.com/oops1/gogit/internal/app/app.go:608.72,609.10 1 1
github.com/oops1/gogit/internal/app/app.go:609.10,611.4 1 1
github.com/oops1/gogit/internal/app/app.go:612.3,613.17 2 1
github.com/oops1/gogit/internal/app/app.go:613.17,616.4 2 1
github.com/oops1/gogit/internal/app/app.go:617.3,617.58 1 1
github.com/oops1/gogit/internal/app/app.go:617.58,619.4 1 1
github.com/oops1/gogit/internal/app/app.go:620.3,622.32 3 1
github.com/oops1/gogit/internal/app/app.go:628.90,630.16 2 1
github.com/oops1/gogit/internal/app/app.go:630.16,633.3 2 1
github.com/oops1/gogit/internal/app/app.go:634.2,635.32 2 1
github.com/oops1/gogit/internal/app/app.go:638.82,639.40 1 1
github.com/oops1/gogit/internal/app/app.go:639.40,642.17 3 1
github.com/oops1/gogit/internal/app/app.go:642.17,645.4 2 1
github.com/oops1/gogit/internal/app/app.go:646.3,646.19 1 1
github.com/oops1/gogit/internal/app/app.go:648.2,648.25 1 1
github.com/oops1/gogit/internal/app/app.go:648.25,651.3 2 1
github.com/oops1/gogit/internal/app/app.go:654.47,656.40 2 1
github.com/oops1/gogit/internal/app/app.go:656.40,658.3 1 1
github.com/oops1/gogit/internal/app/app.go:659.2,659.21 1 1
github.com/oops1/gogit/internal/app/app.go:662.37,667.2 4 1
github.com/oops1/gogit/internal/app/app.go:669.65,674.2 4 1
github.com/oops1/gogit/internal/app/app.go:676.39,681.2 4 1
github.com/oops1/gogit/internal/app/app.go:683.28,691.2 7 1
github.com/oops1/gogit/internal/app/app.go:693.38,695.2 1 1
github.com/oops1/gogit/internal/app/app.go:697.51,701.2 3 1
github.com/oops1/gogit/internal/app/app.go:703.54,705.2 1 1
github.com/oops1/gogit/internal/app/app.go:707.58,708.39 1 1
github.com/oops1/gogit/internal/app/app.go:708.39,710.3 1 1
github.com/oops1/gogit/internal/app/app.go:711.2,712.13 2 1
github.com/oops1/gogit/internal/app/app.go:715.72,716.32 1 1
github.com/oops1/gogit/internal/app/app.go:716.32,718.3 1 1
github.com/oops1/gogit/internal/app/app.go:719.2,719.32 1 1
github.com/oops1/gogit/internal/app/app.go:719.32,721.3 1 1
github.com/oops1/gogit/internal/app/app.go:722.2,722.25 1 1
github.com/oops1/gogit/internal/app/app.go:725.40,729.2 3 1
github.com/oops1/gogit/internal/app/app.go:731.27,732.41 1 0
github.com/oops1/gogit/internal/app/app.go:732.41,734.3 1 0
github.com/oops1/gogit/internal/app/app.go:735.2,742.21 8 0
github.com/oops1/gogit/internal/app/app.go:742.21,744.3 1 0
github.com/oops1/gogit/internal/app/app.go:745.2,746.43 2 0
github.com/oops1/gogit/internal/app/app.go:746.43,748.3 1 0
github.com/oops1/gogit/internal/app/app.go:749.2,749.12 1 0
github.com/oops1/gogit/internal/app/app.go:752.23,753.24 1 1
github.com/oops1/gogit/internal/app/app.go:753.24,762.3 8 1
github.com/oops1/gogit/internal/app/app.go:765.22,766.21 1 1
github.com/oops1/gogit/internal/app/app.go:766.21,768.3 1 1
github.com/oops1/gogit/internal/app/app.go:771.42,773.2 1 1
github.com/oops1/gogit/internal/app/app.go:775.32,777.40 2 1
github.com/oops1/gogit/internal/app/app.go:777.40,779.3 1 1
github.com/oops1/gogit/internal/app/app.go:782.42,783.31 1 1
github.com/oops1/gogit/internal/app/app.go:783.31,785.3 1 1
github.com/oops1/gogit/internal/app/app.go:786.2,786.32 1 1
github.com/oops1/gogit/internal/app/changes.go:24.83,26.16 2 1
github.com/oops1/gogit/internal/app/changes.go:26.16,28.3 1 1
github.com/oops1/gogit/internal/app/changes.go:29.2,29.31 1 1
github.com/oops1/gogit/internal/app/changes.go:29.31,31.3 1 1
github.com/oops1/gogit/internal/app/changes.go:32.2,32.33 1 1
github.com/oops1/gogit/internal/app/changes.go:35.68,37.32 2 1
github.com/oops1/gogit/internal/app/changes.go:37.32,40.3 2 1
github.com/oops1/gogit/internal/app/changes.go:41.2,47.29 7 1
github.com/oops1/gogit/internal/app/changes.go:47.29,48.36 1 1
github.com/oops1/gogit/internal/app/changes.go:48.36,50.4 1 1
github.com/oops1/gogit/internal/app/changes.go:51.3,52.9 2 1
github.com/oops1/gogit/internal/app/changes.go:54.2,54.37 1 1
github.com/oops1/gogit/internal/app/changes.go:54.37,56.3 1 1
github.com/oops1/gogit/internal/app/changes.go:57.2,57.45 1 1
github.com/oops1/gogit/internal/app/changes.go:60.43,66.14 6 1
github.com/oops1/gogit/internal/app/changes.go:66.14,68.3 1 1
github.com/oops1/gogit/internal/app/changes.go:69.2,74.21 6 1
github.com/oops1/gogit/internal/app/changes.go:74.21,74.47 1 1
github.com/oops1/gogit/internal/app/changes.go:77.26,81.2 3 1
github.com/oops1/gogit/internal/app/changes.go:83.32,88.19 5 1
github.com/oops1/gogit/internal/app/changes.go:88.19,90.3 1 1
github.com/oops1/gogit/internal/app/changes.go:91.2,91.17 1 1
github.com/oops1/gogit/internal/app/changes.go:94.74,96.16 2 1
github.com/oops1/gogit/internal/app/changes.go:96.16,97.40 1 1
github.com/oops1/gogit/internal/app/changes.go:97.40,99.4 1 1
github.com/oops1/gogit/internal/app/changes.go:100.3,100.9 1 1
github.com/oops1/gogit/internal/app/changes.go:102.2,103.35 2 1
github.com/oops1/gogit/internal/app/changes.go:103.35,105.3 1 1
github.com/oops1/gogit/internal/app/changes.go:106.2,113.14 8 1
github.com/oops1/gogit/internal/app/changes.go:113.14,115.3 1 1
github.com/oops1/gogit/internal/app/changes.go:116.2,116.16 1 1
github.com/oops1/gogit/internal/app/changes.go:116.16,118.15 2 1
github.com/oops1/gogit/internal/app/changes.go:118.15,120.4 1 1
github.com/oops1/gogit/internal/app/changes.go:120.9,122.4 1 0
github.com/oops1/gogit/internal/app/changes.go:126.101,128.16 2 1
github.com/oops1/gogit/internal/app/changes.go:128.16,130.3 1 1
github.com/oops1/gogit/internal/app/changes.go:131.2,132.29 2 1
github.com/oops1/gogit/internal/app/changes.go:132.29,134.17 2 1
github.com/oops1/gogit/internal/app/changes.go:134.17,136.4 1 1
github.com/oops1/gogit/internal/app/changes.go:137.3,137.27 1 1
github.com/oops1/gogit/internal/app/changes.go:139.2,139.69 1 1
github.com/oops1/gogit/internal/app/changes.go:142.37,146.2 3 1
github.com/oops1/gogit/internal/app/changes.go:148.69,151.57 3 1
github.com/oops1/gogit/internal/app/changes.go:151.57,153.3 1 1
github.com/oops1/gogit/internal/app/changes.go:156.62,158.29 2 1
github.com/oops1/gogit/internal/app/changes.go:158.29,160.3 1 1
github.com/oops1/gogit/internal/app/changes.go:161.2,161.12 1 1
github.com/oops1/gogit/internal/app/changes.go:164.60,166.25 2 1
github.com/oops1/gogit/internal/app/changes.go:166.25,168.3 1 1
github.com/oops1/gogit/internal/app/changes.go:169.2,169.14 1 1
github.com/oops1/gogit/internal/app/changes.go:172.36,188.2 15 1
github.com/oops1/gogit/internal/app/commands.go:60.41,60.82 1 1
github.com/oops1/gogit/internal/app/commands.go:61.41,61.85 1 1
github.com/oops1/gogit/internal/app/commands.go:62.41,62.88 1 1
github.com/oops1/gogit/internal/app/commands.go:64.53,66.2 1 1
github.com/oops1/gogit/internal/app/commands.go:68.52,70.2 1 1
github.com/oops1/gogit/internal/app/commands.go:72.55,74.2 1 1
github.com/oops1/gogit/internal/app/commands.go:76.60,78.35 2 1
github.com/oops1/gogit/internal/app/commands.go:78.35,80.3 1 1
github.com/oops1/gogit/internal/app/commands.go:81.2,81.44 1 1
github.com/oops1/gogit/internal/app/commands.go:84.38,86.2 1 1
github.com/oops1/gogit/internal/app/commands.go:119.43,120.12 1 1
github.com/oops1/gogit/internal/app/commands.go:121.100,122.34 1 1
github.com/oops1/gogit/internal/app/commands.go:123.25,124.56 1 1
github.com/oops1/gogit/internal/app/commands.go:125.40,126.53 1 1
github.com/oops1/gogit/internal/app/commands.go:127.17,128.56 1 1
github.com/oops1/gogit/internal/app/commands.go:130.2,130.13 1 1
github.com/oops1/gogit/internal/app/edit.go:20.47,24.30 4 1
github.com/oops1/gogit/internal/app/edit.go:24.30,26.3 1 1
github.com/oops1/gogit/internal/app/edit.go:27.2,29.27 3 1
github.com/oops1/gogit/internal/app/edit.go:29.27,31.31 2 1
github.com/oops1/gogit/internal/app/edit.go:31.31,32.12 1 1
github.com/oops1/gogit/internal/app/edit.go:34.3,34.37 1 1
github.com/oops1/gogit/internal/app/edit.go:36.2,36.14 1 1
github.com/oops1/gogit/internal/app/edit.go:39.37,42.2 2 1
github.com/oops1/gogit/internal/app/edit.go:44.65,46.14 2 1
github.com/oops1/gogit/internal/app/edit.go:46.14,48.3 1 1
github.com/oops1/gogit/internal/app/edit.go:49.2,52.26 4 1
github.com/oops1/gogit/internal/app/edit.go:52.26,55.3 2 1
github.com/oops1/gogit/internal/app/edit.go:56.2,60.22 5 1
github.com/oops1/gogit/internal/app/edit.go:60.22,60.64 1 1
github.com/oops1/gogit/internal/app/edit.go:61.2,61.13 1 1
github.com/oops1/gogit/internal/app/edit.go:64.129,73.16 9 1
github.com/oops1/gogit/internal/app/edit.go:73.16,74.17 1 1
github.com/oops1/gogit/internal/app/edit.go:74.17,76.4 1 1
github.com/oops1/gogit/internal/app/edit.go:77.3,78.14 2 1
github.com/oops1/gogit/internal/app/edit.go:82.32,84.44 2 1
github.com/oops1/gogit/internal/app/edit.go:84.44,86.3 1 1
github.com/oops1/gogit/internal/app/edit.go:87.2,88.16 2 1
github.com/oops1/gogit/internal/app/edit.go:88.16,91.3 2 1
github.com/oops1/gogit/internal/app/edit.go:92.2,93.45 2 1
github.com/oops1/gogit/internal/app/edit.go:93.45,95.3 1 1
github.com/oops1/gogit/internal/app/edit.go:98.27,102.14 4 1
github.com/oops1/gogit/internal/app/edit.go:102.14,104.3 1 1
github.com/oops1/gogit/internal/app/edit.go:107.27,113.19 6 1
github.com/oops1/gogit/internal/app/edit.go:113.19,115.3 1 1
github.com/oops1/gogit/internal/app/edit.go:116.2,116.18 1 1
github.com/oops1/gogit/internal/app/edit.go:119.31,121.21 2 1
github.com/oops1/gogit/internal/app/edit.go:121.21,123.3 1 1
github.com/oops1/gogit/internal/app/edit.go:124.2,124.70 1 1
github.com/oops1/gogit/internal/app/edit.go:124.70,126.3 1 1
github.com/oops1/gogit/internal/app/edit.go:126.21,127.17 1 1
github.com/oops1/gogit/internal/app/edit.go:127.17,131.4 3 1
github.com/oops1/gogit/internal/app/edit.go:132.3,132.26 1 1
github.com/oops1/gogit/internal/app/edit.go:136.33,138.21 2 1
github.com/oops1/gogit/internal/app/edit.go:138.21,140.3 1 1
github.com/oops1/gogit/internal/app/edit.go:141.2,141.70 1 1
github.com/oops1/gogit/internal/app/edit.go:141.70,143.3 1 1
github.com/oops1/gogit/internal/app/edit.go:143.21,144.17 1 1
github.com/oops1/gogit/internal/app/edit.go:144.17,148.4 3 1
github.com/oops1/gogit/internal/app/edit.go:149.3,149.26 1 1
github.com/oops1/gogit/internal/app/edit.go:153.33,155.21 2 1
github.com/oops1/gogit/internal/app/edit.go:155.21,157.3 1 1
github.com/oops1/gogit/internal/app/edit.go:158.2,160.45 3 1
github.com/oops1/gogit/internal/app/edit.go:160.45,161.10 1 1
github.com/oops1/gogit/internal/app/edit.go:161.10,163.4 1 1
github.com/oops1/gogit/internal/app/edit.go:164.3,164.71 1 1
github.com/oops1/gogit/internal/app/edit.go:164.71,166.4 1 1
github.com/oops1/gogit/internal/app/edit.go:166.22,167.18 1 1
github.com/oops1/gogit/internal/app/edit.go:167.18,171.5 3 1
github.com/oops1/gogit/internal/app/edit.go:172.4,172.27 1 1
github.com/oops1/gogit/internal/app/edit.go:177.28,178.23 1 1
github.com/oops1/gogit/internal/app/edit.go:178.23,180.3 1 1
github.com/oops1/gogit/internal/app/edit.go:181.2,185.38 5 1
github.com/oops1/gogit/internal/app/edit.go:188.42,190.14 2 1
github.com/oops1/gogit/internal/app/edit.go:190.14,192.3 1 1
github.com/oops1/gogit/internal/app/edit.go:193.2,194.39 2 1
github.com/oops1/gogit/internal/app/edit.go:194.39,196.3 1 1
github.com/oops1/gogit/internal/app/edit.go:197.2,198.16 2 1
github.com/oops1/gogit/internal/app/edit.go:198.16,200.3 1 1
github.com/oops1/gogit/internal/app/edit.go:201.2,201.18 1 1
github.com/oops1/gogit/internal/app/edit.go:204.52,205.30 1 1
github.com/oops1/gogit/internal/app/edit.go:205.30,207.3 1 1
github.com/oops1/gogit/internal/app/edit.go:208.2,209.81 2 1
github.com/oops1/gogit/internal/app/edit.go:209.81,213.3 3 1
github.com/oops1/gogit/internal/app/edit.go:213.21,214.17 1 1
github.com/oops1/gogit/internal/app/edit.go:214.17,218.4 3 1
github.com/oops1/gogit/internal/app/edit.go:219.3,221.22 3 1
github.com/oops1/gogit/internal/app/edit.go:221.22,223.4 1 1
github.com/oops1/gogit/internal/app/edit.go:225.2,225.14 1 1
github.com/oops1/gogit/internal/app/edit.go:225.14,227.3 1 1
github.com/oops1/gogit/internal/app/edit.go:230.84,232.16 2 1
github.com/oops1/gogit/internal/app/edit.go:232.16,235.3 2 1
github.com/oops1/gogit/internal/app/edit.go:236.2,237.32 2 1
github.com/oops1/gogit/internal/app/edit.go:240.78,241.35 1 1
github.com/oops1/gogit/internal/app/edit.go:241.35,244.3 2 1
github.com/oops1/gogit/internal/app/edit.go:245.2,245.25 1 1
github.com/oops1/gogit/internal/app/edit.go:245.25,248.3 2 1
github.com/oops1/gogit/internal/app/filesfilter.go:8.48,13.2 4 1
github.com/oops1/gogit/internal/app/filesfilter.go:15.49,20.2 4 1
github.com/oops1/gogit/internal/app/filesfilter.go:22.45,27.2 4 1
github.com/oops1/gogit/internal/app/filesfilter.go:29.37,31.2 1 1
github.com/oops1/gogit/internal/app/filesfilter.go:33.34,44.29 10 1
github.com/oops1/gogit/internal/app/filesfilter.go:44.29,46.3 1 1
github.com/oops1/gogit/internal/app/filesfilter.go:47.2,48.77 2 1
github.com/oops1/gogit/internal/app/filesfilter.go:51.68,52.31 1 1
github.com/oops1/gogit/internal/app/filesfilter.go:52.31,54.3 1 1
github.com/oops1/gogit/internal/app/filesfilter.go:55.2,55.15 1 1
github.com/oops1/gogit/internal/app/filesfilter.go:55.15,58.3 2 1
github.com/oops1/gogit/internal/app/filesfilter.go:59.2,59.81 1 1
github.com/oops1/gogit/internal/app/filesstatusfilter.go:41.72,43.2 1 1
github.com/oops1/gogit/internal/app/filesstatusfilter.go:45.42,50.2 4 1
github.com/oops1/gogit/internal/app/filesstatusfilter.go:52.40,53.45 1 1
github.com/oops1/gogit/internal/app/filesstatusfilter.go:53.45,55.48 2 1
github.com/oops1/gogit/internal/app/filesstatusfilter.go:55.48,55.85 1 1
github.com/oops1/gogit/internal/app/filesstatusfilter.go:57.2,57.35 1 1
github.com/oops1/gogit/internal/app/filesstatusfilter.go:60.63,63.41 3 1
github.com/oops1/gogit/internal/app/filesstatusfilter.go:63.41,65.3 1 1
github.com/oops1/gogit/internal/app/filesstatusfilter.go:66.2,71.22 6 1
github.com/oops1/gogit/internal/app/filesstatusfilter.go:74.39,80.29 6 1
github.com/oops1/gogit/internal/app/filesstatusfilter.go:80.29,82.3 1 1
github.com/oops1/gogit/internal/app/filesstatusfilter.go:83.2,84.57 2 1
github.com/oops1/gogit/internal/app/filesstatusfilter.go:84.57,86.3 1 1
github.com/oops1/gogit/internal/app/filesstatusfilter.go:89.62,94.45 5 1
github.com/oops1/gogit/internal/app/filesstatusfilter.go:94.45,100.17 6 1
github.com/oops1/gogit/internal/app/filesstatusfilter.go:100.17,104.4 3 1
github.com/oops1/gogit/internal/app/filesstatusfilter.go:104.9,108.4 3 1
github.com/oops1/gogit/internal/app/filesstatusfilter.go:112.56,119.2 1 1
github.com/oops1/gogit/internal/app/filesstatusfilter.go:121.47,122.41 1 1
github.com/oops1/gogit/internal/app/filesstatusfilter.go:122.41,124.3 1 1
github.com/oops1/gogit/internal/app/filessubdirs.go:14.51,16.2 1 1
github.com/oops1/gogit/internal/app/filessubdirs.go:18.40,20.2 1 1
github.com/oops1/gogit/internal/app/filessubdirs.go:22.43,26.57 4 1
github.com/oops1/gogit/internal/app/filessubdirs.go:26.57,28.3 1 1
github.com/oops1/gogit/internal/app/filessubdirs.go:31.63,38.34 7 1
github.com/oops1/gogit/internal/app/filessubdirs.go:38.34,43.3 4 1
github.com/oops1/gogit/internal/app/filessubdirs.go:44.2,46.31 3 1
github.com/oops1/gogit/internal/app/journal.go:19.110,21.2 1 1
github.com/oops1/gogit/internal/app/journal.go:23.30,29.14 6 1
github.com/oops1/gogit/internal/app/journal.go:29.14,31.3 1 1
github.com/oops1/gogit/internal/app/journal.go:32.2,42.24 11 1
github.com/oops1/gogit/internal/app/journal.go:42.24,42.58 1 1
github.com/oops1/gogit/internal/app/journal.go:45.87,47.17 2 1
github.com/oops1/gogit/internal/app/journal.go:47.17,49.54 2 1
github.com/oops1/gogit/internal/app/journal.go:49.54,51.4 1 1
github.com/oops1/gogit/internal/app/journal.go:52.3,52.20 1 1
github.com/oops1/gogit/internal/app/journal.go:52.20,53.18 1 1
github.com/oops1/gogit/internal/app/journal.go:53.18,54.25 1 1
github.com/oops1/gogit/internal/app/journal.go:54.25,56.6 1 1
github.com/oops1/gogit/internal/app/journal.go:57.5,57.31 1 1
github.com/oops1/gogit/internal/app/journal.go:60.3,60.11 1 1
github.com/oops1/gogit/internal/app/journal.go:60.11,62.4 1 1
github.com/oops1/gogit/internal/app/journal.go:66.36,69.26 3 1
github.com/oops1/gogit/internal/app/journal.go:69.26,71.3 1 1
github.com/oops1/gogit/internal/app/journal.go:72.2,72.9 1 1
github.com/oops1/gogit/internal/app/journal.go:73.35,73.35 0 1
github.com/oops1/gogit/internal/app/journal.go:74.10,74.10 0 0
github.com/oops1/gogit/internal/app/journal.go:78.29,82.2 3 1
github.com/oops1/gogit/internal/app/journal.go:84.35,91.19 7 1
github.com/oops1/gogit/internal/app/journal.go:91.19,93.3 1 1
github.com/oops1/gogit/internal/app/journal.go:94.2,94.17 1 1
github.com/oops1/gogit/internal/app/journal.go:94.17,96.3 1 1
github.com/oops1/gogit/internal/app/journal.go:97.2,97.20 1 1
github.com/oops1/gogit/internal/app/journal.go:100.53,106.2 5 1
github.com/oops1/gogit/internal/app/layout.go:11.37,13.16 2 1
github.com/oops1/gogit/internal/app/layout.go:13.16,15.3 1 1
github.com/oops1/gogit/internal/app/layout.go:16.2,16.17 1 1
github.com/oops1/gogit/internal/app/layout.go:16.17,18.3 1 1
github.com/oops1/gogit/internal/app/layout.go:19.2,19.37 1 1
github.com/oops1/gogit/internal/app/layout.go:22.34,26.88 4 1
github.com/oops1/gogit/internal/app/layout.go:26.88,28.3 1 1
github.com/oops1/gogit/internal/app/layout.go:29.2,29.41 1 1
github.com/oops1/gogit/internal/app/layout.go:32.35,35.36 3 1
github.com/oops1/gogit/internal/app/layout.go:35.36,37.3 1 1
github.com/oops1/gogit/internal/app/layout.go:38.2,38.12 1 1
github.com/oops1/gogit/internal/app/layout.go:41.43,43.14 2 1
github.com/oops1/gogit/internal/app/layout.go:43.14,45.3 1 1
github.com/oops1/gogit/internal/app/layout.go:46.2,46.39 1 1
github.com/oops1/gogit/internal/app/layout.go:49.55,51.14 2 1
github.com/oops1/gogit/internal/app/layout.go:51.14,53.3 1 1
github.com/oops1/gogit/internal/app/layout.go:54.2,54.13 1 1
github.com/oops1/gogit/internal/app/layout.go:54.13,56.3 1 1
github.com/oops1/gogit/internal/app/layout.go:56.8,58.3 1 1
github.com/oops1/gogit/internal/app/menu.go:46.48,47.56 1 1
github.com/oops1/gogit/internal/app/menu.go:47.56,49.3 1 1
github.com/oops1/gogit/internal/app/menu.go:50.2,63.3 2 1
github.com/oops1/gogit/internal/app/menu.go:66.42,67.56 1 1
github.com/oops1/gogit/internal/app/menu.go:67.56,69.3 1 1
github.com/oops1/gogit/internal/app/menu.go:70.2,76.3 1 1
github.com/oops1/gogit/internal/app/menu.go:79.42,92.2 4 1
github.com/oops1/gogit/internal/app/menu.go:94.124,96.25 2 1
github.com/oops1/gogit/internal/app/menu.go:96.25,98.16 2 1
github.com/oops1/gogit/internal/app/menu.go:98.16,100.4 1 1
github.com/oops1/gogit/internal/app/menu.go:101.3,101.67 1 1
github.com/oops1/gogit/internal/app/menu.go:103.2,103.53 1 1
github.com/oops1/gogit/internal/app/menu.go:106.55,108.2 1 1
github.com/oops1/gogit/internal/app/menu.go:110.29,112.34 2 1
github.com/oops1/gogit/internal/app/menu.go:112.34,113.22 1 1
github.com/oops1/gogit/internal/app/menu.go:113.22,115.4 1 1
github.com/oops1/gogit/internal/app/menu.go:116.3,116.60 1 1
github.com/oops1/gogit/internal/app/menu.go:120.103,121.29 1 1
github.com/oops1/gogit/internal/app/menu.go:121.29,122.21 1 1
github.com/oops1/gogit/internal/app/menu.go:122.21,124.4 1 0
github.com/oops1/gogit/internal/app/menu.go:125.3,125.47 1 1
github.com/oops1/gogit/internal/app/menu.go:129.99,130.9 1 1
github.com/oops1/gogit/internal/app/menu.go:131.25,133.25 2 1
github.com/oops1/gogit/internal/app/menu.go:133.25,133.42 1 1
github.com/oops1/gogit/internal/app/menu.go:134.26,135.66 1 1
github.com/oops1/gogit/internal/app/menu.go:135.66,137.38 2 1
github.com/oops1/gogit/internal/app/menu.go:137.38,137.55 1 1
github.com/oops1/gogit/internal/app/menu.go:142.34,143.33 1 1
github.com/oops1/gogit/internal/app/menu.go:143.33,145.40 2 1
github.com/oops1/gogit/internal/app/menu.go:145.40,148.4 2 1
github.com/oops1/gogit/internal/app/menu.go:150.2,150.38 1 1
github.com/oops1/gogit/internal/app/menu.go:150.38,152.40 2 1
github.com/oops1/gogit/internal/app/menu.go:152.40,155.4 2 1
github.com/oops1/gogit/internal/app/menu.go:157.2,157.41 1 1
github.com/oops1/gogit/internal/app/menu.go:157.41,159.42 2 1
github.com/oops1/gogit/internal/app/menu.go:159.42,159.65 1 1
github.com/oops1/gogit/internal/app/menu.go:163.29,166.42 1 1
github.com/oops1/gogit/internal/app/menu.go:166.42,166.68 1 1
github.com/oops1/gogit/internal/app/menu.go:170.29,171.39 1 1
github.com/oops1/gogit/internal/app/menu.go:171.39,174.24 3 1
github.com/oops1/gogit/internal/app/menu.go:174.24,174.43 1 1
github.com/oops1/gogit/internal/app/menu.go:178.33,181.34 3 1
github.com/oops1/gogit/internal/app/menu.go:181.34,182.22 1 1
github.com/oops1/gogit/internal/app/menu.go:182.22,183.12 1 1
github.com/oops1/gogit/internal/app/menu.go:185.3,185.52 1 1
github.com/oops1/gogit/internal/app/menu.go:187.2,187.39 1 1
github.com/oops1/gogit/internal/app/menu.go:187.39,189.3 1 1
github.com/oops1/gogit/internal/app/menu.go:192.82,193.29 1 1
github.com/oops1/gogit/internal/app/menu.go:193.29,194.42 1 1
github.com/oops1/gogit/internal/app/menu.go:194.42,195.12 1 1
github.com/oops1/gogit/internal/app/menu.go:197.3,197.56 1 1
github.com/oops1/gogit/internal/app/menu.go:201.29,202.34 1 1
github.com/oops1/gogit/internal/app/menu.go:202.34,205.3 2 1
github.com/oops1/gogit/internal/app/menu.go:206.2,210.22 5 1
github.com/oops1/gogit/internal/app/menu.go:213.39,214.40 1 1
github.com/oops1/gogit/internal/app/menu.go:214.40,216.3 1 0
github.com/oops1/gogit/internal/app/menu.go:217.2,218.23 2 1
github.com/oops1/gogit/internal/app/menu.go:218.23,220.3 1 1
github.com/oops1/gogit/internal/app/menu.go:221.2,222.61 2 1
github.com/oops1/gogit/internal/app/menu.go:225.118,226.29 1 1
github.com/oops1/gogit/internal/app/menu.go:226.29,227.21 1 1
github.com/oops1/gogit/internal/app/menu.go:227.21,229.4 1 0
github.com/oops1/gogit/internal/app/menu.go:230.3,230.51 1 1
github.com/oops1/gogit/internal/app/menu.go:234.120,235.9 1 1
github.com/oops1/gogit/internal/app/menu.go:236.25,237.39 1 1
github.com/oops1/gogit/internal/app/menu.go:238.26,240.66 2 1
github.com/oops1/gogit/internal/app/menu.go:240.66,242.4 1 1
github.com/oops1/gogit/internal/app/menu.go:246.55,248.13 2 1
github.com/oops1/gogit/internal/app/menu.go:248.13,250.3 1 1
github.com/oops1/gogit/internal/app/menu.go:251.2,251.14 1 1
github.com/oops1/gogit/internal/app/menu.go:254.71,255.55 1 1
github.com/oops1/gogit/internal/app/menu.go:255.55,257.3 1 1
github.com/oops1/gogit/internal/app/menu.go:258.2,258.53 1 1
github.com/oops1/gogit/internal/app/menu.go:258.53,260.3 1 1
github.com/oops1/gogit/internal/app/menu.go:261.2,261.55 1 1
github.com/oops1/gogit/internal/app/menu.go:261.55,263.3 1 1
github.com/oops1/gogit/internal/app/menu.go:264.2,264.32 1 1
github.com/oops1/gogit/internal/app/menu.go:267.38,268.48 1 1
github.com/oops1/gogit/internal/app/menu.go:268.48,270.3 1 1
github.com/oops1/gogit/internal/app/menu.go:271.2,271.112 1 1
github.com/oops1/gogit/internal/app/menu.go:274.34,275.41 1 1
github.com/oops1/gogit/internal/app/menu.go:275.41,277.28 2 1
github.com/oops1/gogit/internal/app/menu.go:277.28,278.24 1 1
github.com/oops1/gogit/internal/app/menu.go:278.24,280.5 1 1
github.com/oops1/gogit/internal/app/menu.go:283.2,283.27 1 1
github.com/oops1/gogit/internal/app/menu.go:286.51,287.25 1 1
github.com/oops1/gogit/internal/app/menu.go:287.25,289.3 1 1
github.com/oops1/gogit/internal/app/menu.go:290.2,290.77 1 1
github.com/oops1/gogit/internal/app/menu.go:293.56,295.28 2 1
github.com/oops1/gogit/internal/app/menu.go:295.28,297.3 1 1
github.com/oops1/gogit/internal/app/menu.go:298.2,298.16 1 1
github.com/oops1/gogit/internal/app/menu.go:301.84,303.34 2 1
github.com/oops1/gogit/internal/app/menu.go:303.34,304.22 1 1
github.com/oops1/gogit/internal/app/menu.go:304.22,305.12 1 0
github.com/oops1/gogit/internal/app/menu.go:307.3,307.73 1 1
github.com/oops1/gogit/internal/app/menu.go:307.73,309.4 1 1
github.com/oops1/gogit/internal/app/menu.go:311.2,311.25 1 1
github.com/oops1/gogit/internal/app/menu.go:314.116,315.29 1 1
github.com/oops1/gogit/internal/app/menu.go:315.29,316.21 1 1
github.com/oops1/gogit/internal/app/menu.go:316.21,318.4 1 0
github.com/oops1/gogit/internal/app/menu.go:319.3,319.10 1 1
github.com/oops1/gogit/internal/app/menu.go:320.26,321.32 1 1
github.com/oops1/gogit/internal/app/menu.go:321.32,323.5 1 1
github.com/oops1/gogit/internal/app/menu.go:324.27,325.43 1 1
github.com/oops1/gogit/internal/app/menu.go:325.43,326.57 1 1
github.com/oops1/gogit/internal/app/menu.go:326.57,327.14 1 1
github.com/oops1/gogit/internal/app/menu.go:329.5,330.41 2 0
github.com/oops1/gogit/internal/app/menu.go:334.2,334.25 1 1
github.com/oops1/gogit/internal/app/opened.go:29.65,33.2 3 1
github.com/oops1/gogit/internal/app/opened.go:35.86,41.2 5 1
github.com/oops1/gogit/internal/app/opened.go:63.86,65.16 2 1
github.com/oops1/gogit/internal/app/opened.go:65.16,67.3 1 1
github.com/oops1/gogit/internal/app/opened.go:68.2,69.16 2 1
github.com/oops1/gogit/internal/app/opened.go:69.16,72.3 2 1
github.com/oops1/gogit/internal/app/opened.go:73.2,74.16 2 1
github.com/oops1/gogit/internal/app/opened.go:74.16,77.3 2 1
github.com/oops1/gogit/internal/app/opened.go:78.2,79.16 2 1
github.com/oops1/gogit/internal/app/opened.go:79.16,83.3 3 1
github.com/oops1/gogit/internal/app/opened.go:84.2,85.16 2 1
github.com/oops1/gogit/internal/app/opened.go:85.16,90.3 4 1
github.com/oops1/gogit/internal/app/opened.go:91.2,92.63 2 1
github.com/oops1/gogit/internal/app/opened.go:92.63,97.3 4 1
github.com/oops1/gogit/internal/app/opened.go:98.2,98.48 1 1
github.com/oops1/gogit/internal/app/opened.go:98.48,100.3 1 1
github.com/oops1/gogit/internal/app/opened.go:101.2,101.120 1 1
github.com/oops1/gogit/internal/app/opened.go:104.42,106.42 2 1
github.com/oops1/gogit/internal/app/opened.go:106.42,108.3 1 1
github.com/oops1/gogit/internal/app/opened.go:109.2,110.29 2 1
github.com/oops1/gogit/internal/app/operation.go:20.45,21.20 1 1
github.com/oops1/gogit/internal/app/operation.go:21.20,21.43 1 1
github.com/oops1/gogit/internal/app/operation.go:24.48,25.20 1 1
github.com/oops1/gogit/internal/app/operation.go:25.20,25.46 1 1
github.com/oops1/gogit/internal/app/operation.go:28.55,29.20 1 1
github.com/oops1/gogit/internal/app/operation.go:29.20,29.52 1 1
github.com/oops1/gogit/internal/app/operation.go:32.95,34.16 2 1
github.com/oops1/gogit/internal/app/operation.go:34.16,37.3 2 1
github.com/oops1/gogit/internal/app/operation.go:38.2,40.24 3 1
github.com/oops1/gogit/internal/app/operation.go:40.24,43.3 2 1
github.com/oops1/gogit/internal/app/operation.go:44.2,47.12 4 1
github.com/oops1/gogit/internal/app/operation.go:47.12,50.17 3 1
github.com/oops1/gogit/internal/app/operation.go:50.17,50.37 1 1
github.com/oops1/gogit/internal/app/operation.go:54.40,55.31 1 1
github.com/oops1/gogit/internal/app/operation.go:55.31,55.79 1 1
github.com/oops1/gogit/internal/app/operation.go:56.2,56.31 1 1
github.com/oops1/gogit/internal/app/operation.go:56.31,56.79 1 1
github.com/oops1/gogit/internal/app/operation.go:57.2,57.31 1 1
github.com/oops1/gogit/internal/app/operation.go:57.31,57.79 1 1
github.com/oops1/gogit/internal/app/operation.go:60.51,61.93 1 1
github.com/oops1/gogit/internal/app/operation.go:61.93,64.3 2 1
github.com/oops1/gogit/internal/app/post.go:3.32,7.2 3 1
github.com/oops1/gogit/internal/app/post.go:9.30,10.6 1 1
github.com/oops1/gogit/internal/app/post.go:10.6,11.10 1 1
github.com/oops1/gogit/internal/app/post.go:12.21,13.38 1 1
github.com/oops1/gogit/internal/app/post.go:13.38,15.5 1 1
github.com/oops1/gogit/internal/app/post.go:16.21,17.10 1 1
github.com/oops1/gogit/internal/app/post.go:22.37,28.2 5 1
github.com/oops1/gogit/internal/app/post.go:30.31,32.18 2 1
github.com/oops1/gogit/internal/app/post.go:32.18,35.3 2 1
github.com/oops1/gogit/internal/app/post.go:36.2,38.9 3 1
github.com/oops1/gogit/internal/app/post.go:39.32,39.32 0 1
github.com/oops1/gogit/internal/app/post.go:40.10,40.10 0 1
github.com/oops1/gogit/internal/app/post.go:44.32,51.2 6 1
github.com/oops1/gogit/internal/app/repostate.go:16.36,18.35 2 1
github.com/oops1/gogit/internal/app/repostate.go:18.35,19.31 1 1
github.com/oops1/gogit/internal/app/repostate.go:19.31,20.12 1 1
github.com/oops1/gogit/internal/app/repostate.go:22.3,22.37 1 1
github.com/oops1/gogit/internal/app/repostate.go:24.2,26.21 3 1
github.com/oops1/gogit/internal/app/repostate.go:29.54,35.32 5 1
github.com/oops1/gogit/internal/app/repostate.go:35.32,37.3 1 1
github.com/oops1/gogit/internal/app/repostate.go:39.2,40.40 2 1
github.com/oops1/gogit/internal/app/repostate.go:40.40,42.3 1 1
github.com/oops1/gogit/internal/app/repostate.go:43.2,44.34 2 1
github.com/oops1/gogit/internal/app/repostate.go:44.34,48.3 3 1
github.com/oops1/gogit/internal/app/repostate.go:49.2,56.14 8 1
github.com/oops1/gogit/internal/app/repostate.go:59.43,62.2 2 1
github.com/oops1/gogit/internal/app/repostate.go:64.60,66.2 1 1
github.com/oops1/gogit/internal/app/repostate.go:68.58,70.28 2 1
github.com/oops1/gogit/internal/app/repostate.go:70.28,71.15 1 1
github.com/oops1/gogit/internal/app/repostate.go:71.15,72.12 1 1
github.com/oops1/gogit/internal/app/repostate.go:74.3,74.85 1 1
github.com/oops1/gogit/internal/app/repostate.go:74.85,75.12 1 1
github.com/oops1/gogit/internal/app/repostate.go:77.3,77.55 1 1
github.com/oops1/gogit/internal/app/repostate.go:79.2,79.13 1 1
github.com/oops1/gogit/internal/app/settings.go:14.30,16.2 1 1
github.com/oops1/gogit/internal/app/settings.go:18.56,19.9 1 1
github.com/oops1/gogit/internal/app/settings.go:19.9,21.3 1 1
github.com/oops1/gogit/internal/app/settings.go:22.2,29.57 8 1
github.com/oops1/gogit/internal/app/settings.go:29.57,31.3 1 1
github.com/oops1/gogit/internal/app/settings.go:34.47,35.57 1 1
github.com/oops1/gogit/internal/app/settings.go:35.57,37.3 1 1
github.com/oops1/gogit/internal/app/settings.go:40.49,41.59 1 1
github.com/oops1/gogit/internal/app/settings.go:41.59,43.3 1 1
github.com/oops1/gogit/internal/app/settings.go:46.90,48.16 2 1
github.com/oops1/gogit/internal/app/settings.go:48.16,51.3 2 1
github.com/oops1/gogit/internal/app/settings.go:52.2,53.32 2 1
github.com/oops1/gogit/internal/app/settings.go:56.84,57.37 1 1
github.com/oops1/gogit/internal/app/settings.go:57.37,60.3 2 1
github.com/oops1/gogit/internal/app/settings.go:61.2,61.25 1 1
github.com/oops1/gogit/internal/app/settings.go:61.25,64.3 2 1
github.com/oops1/gogit/internal/app/toolbar.go:20.48,22.37 2 1
github.com/oops1/gogit/internal/app/toolbar.go:22.37,26.15 4 1
github.com/oops1/gogit/internal/app/toolbar.go:26.15,29.12 3 1
github.com/oops1/gogit/internal/app/toolbar.go:31.3,32.70 2 1
github.com/oops1/gogit/internal/app/toolbar.go:36.56,39.2 2 1
github.com/oops1/gogit/internal/app/toolbar.go:41.49,43.2 1 1
github.com/oops1/gogit/internal/app/watch.go:19.77,21.2 1 1
github.com/oops1/gogit/internal/app/watch.go:23.51,34.22 11 1
github.com/oops1/gogit/internal/app/watch.go:34.22,34.46 1 1
github.com/oops1/gogit/internal/app/watch.go:37.52,39.14 2 1
github.com/oops1/gogit/internal/app/watch.go:39.14,41.3 1 1
github.com/oops1/gogit/internal/app/watch.go:42.2,43.33 2 1
github.com/oops1/gogit/internal/app/watch.go:46.45,50.2 3 1
github.com/oops1/gogit/internal/app/watch.go:52.34,57.63 5 1
github.com/oops1/gogit/internal/app/watch.go:57.63,59.3 1 1
github.com/oops1/gogit/internal/app/watch.go:60.2,60.40 1 1
github.com/oops1/gogit/internal/app/watch.go:63.63,64.30 1 1
github.com/oops1/gogit/internal/app/watch.go:64.30,66.3 1 1
github.com/oops1/gogit/internal/app/watch.go:69.52,70.72 1 1
github.com/oops1/gogit/internal/app/watch.go:70.72,72.3 1 1
github.com/oops1/gogit/internal/app/watch.go:73.2,73.53 1 1
github.com/oops1/gogit/internal/app/watch.go:73.53,75.3 1 1
github.com/oops1/gogit/internal/app/watch.go:78.29,86.19 8 1
github.com/oops1/gogit/internal/app/watch.go:86.19,88.3 1 1
github.com/oops1/gogit/internal/app/watch.go:89.2,89.18 1 1
github.com/oops1/gogit/internal/app/watch.go:92.28,96.14 4 1
github.com/oops1/gogit/internal/app/watch.go:96.14,98.3 1 1
github.com/oops1/gogit/internal/app/watch.go:101.29,105.14 4 1
github.com/oops1/gogit/internal/app/watch.go:105.14,107.3 1 1
github.com/oops1/gogit/internal/app/watchdog.go:25.29,29.2 3 1
github.com/oops1/gogit/internal/app/watchdog.go:31.70,34.16 3 1
github.com/oops1/gogit/internal/app/watchdog.go:34.16,36.3 1 1
github.com/oops1/gogit/internal/app/watchdog.go:37.2,37.30 1 1
github.com/oops1/gogit/internal/app/watchdog.go:40.42,42.15 2 1
github.com/oops1/gogit/internal/app/watchdog.go:42.15,45.3 2 1
github.com/oops1/gogit/internal/app/watchdog.go:46.2,49.16 4 1
github.com/oops1/gogit/internal/app/watchdog.go:52.39,57.2 1 1
github.com/oops1/gogit/internal/app/watchdog.go:59.71,62.6 3 1
github.com/oops1/gogit/internal/app/watchdog.go:62.6,64.29 2 1
github.com/oops1/gogit/internal/app/watchdog.go:64.29,66.11 2 1
github.com/oops1/gogit/internal/app/watchdog.go:67.47,68.18 1 1
github.com/oops1/gogit/internal/app/watchdog.go:68.18,71.6 2 1
github.com/oops1/gogit/internal/app/watchdog.go:72.17,72.17 0 1
github.com/oops1/gogit/internal/app/watchdog.go:73.12,75.16 2 1
github.com/oops1/gogit/internal/app/watchdog.go:78.3,78.10 1 1
github.com/oops1/gogit/internal/app/watchdog.go:79.21,80.10 1 1
github.com/oops1/gogit/internal/app/watchdog.go:81.19,81.19 0 1
github.com/oops1/gogit/internal/app/watchdog.go:86.37,89.2 2 1
github.com/oops1/gogit/internal/app/working.go:24.32,26.19 2 1
github.com/oops1/gogit/internal/app/working.go:26.19,30.3 3 1
github.com/oops1/gogit/internal/app/working.go:31.2,32.18 2 1
github.com/oops1/gogit/internal/app/working.go:35.31,41.11 6 1
github.com/oops1/gogit/internal/app/working.go:41.11,43.3 1 1
github.com/oops1/gogit/internal/app/working.go:46.30,51.44 5 1
github.com/oops1/gogit/internal/app/working.go:51.44,62.3 10 1
github.com/oops1/gogit/internal/app/working.go:63.2,71.24 9 1
github.com/oops1/gogit/internal/app/working.go:71.24,71.49 1 1
github.com/oops1/gogit/internal/app/working.go:74.29,78.2 3 1
github.com/oops1/gogit/internal/app/working.go:80.35,85.19 5 1
github.com/oops1/gogit/internal/app/working.go:85.19,87.3 1 1
github.com/oops1/gogit/internal/app/working.go:88.2,88.20 1 1
github.com/oops1/gogit/internal/app/working.go:91.70,94.16 3 1
github.com/oops1/gogit/internal/app/working.go:94.16,95.40 1 1
github.com/oops1/gogit/internal/app/working.go:95.40,97.4 1 1
github.com/oops1/gogit/internal/app/working.go:98.3,98.9 1 1
github.com/oops1/gogit/internal/app/working.go:100.2,102.37 3 1
github.com/oops1/gogit/internal/app/working.go:102.37,104.3 1 1
github.com/oops1/gogit/internal/app/working.go:105.2,115.16 11 1
github.com/oops1/gogit/internal/app/working.go:115.16,116.23 1 1
github.com/oops1/gogit/internal/app/working.go:116.23,118.4 1 1
github.com/oops1/gogit/internal/app/working.go:119.3,122.23 4 1
github.com/oops1/gogit/internal/app/working.go:126.55,127.28 1 1
github.com/oops1/gogit/internal/app/working.go:127.28,128.87 1 1
github.com/oops1/gogit/internal/app/working.go:128.87,130.4 1 1
github.com/oops1/gogit/internal/app/working.go:132.2,132.14 1 1
github.com/oops1/gogit/internal/app/working.go:135.53,137.28 2 1
github.com/oops1/gogit/internal/app/working.go:137.28,138.83 1 1
github.com/oops1/gogit/internal/app/working.go:138.83,140.4 1 1
github.com/oops1/gogit/internal/app/working.go:142.2,142.14 1 1
github.com/oops1/gogit/internal/app/working.go:145.38,146.26 1 1
github.com/oops1/gogit/internal/app/working.go:146.26,148.3 1 1
github.com/oops1/gogit/internal/app/working.go:149.2,149.20 1 1
github.com/oops1/gogit/internal/app/working.go:152.53,157.29 5 1
github.com/oops1/gogit/internal/app/working.go:157.29,160.3 2 1
github.com/oops1/gogit/internal/app/working.go:161.2,165.21 5 1
github.com/oops1/gogit/internal/app/working.go:165.21,165.56 1 1
github.com/oops1/gogit/internal/app/working.go:168.94,170.16 2 1
github.com/oops1/gogit/internal/app/working.go:170.16,171.40 1 1
github.com/oops1/gogit/internal/app/working.go:171.40,173.4 1 1
github.com/oops1/gogit/internal/app/working.go:174.3,174.9 1 1
github.com/oops1/gogit/internal/app/working.go:176.2,176.16 1 1
github.com/oops1/gogit/internal/app/working.go:176.16,176.66 1 1
github.com/oops1/gogit/internal/app/working.go:179.106,180.45 1 1
github.com/oops1/gogit/internal/app/working.go:180.45,182.3 1 1
github.com/oops1/gogit/internal/app/working.go:183.2,183.49 1 1
github.com/oops1/gogit/internal/app/working.go:183.49,185.3 1 1
github.com/oops1/gogit/internal/app/working.go:186.2,186.33 1 1
github.com/oops1/gogit/internal/app/working.go:189.99,192.16 3 1
github.com/oops1/gogit/internal/app/working.go:192.16,194.3 1 1
github.com/oops1/gogit/internal/app/working.go:195.2,196.16 2 1
github.com/oops1/gogit/internal/app/working.go:196.16,198.3 1 1
github.com/oops1/gogit/internal/app/working.go:199.2,200.73 2 1
github.com/oops1/gogit/internal/app/working.go:200.73,202.3 1 1
github.com/oops1/gogit/internal/app/working.go:203.2,204.16 2 1
github.com/oops1/gogit/internal/app/working.go:204.16,206.3 1 1
github.com/oops1/gogit/internal/app/working.go:207.2,207.90 1 1
github.com/oops1/gogit/internal/app/working.go:210.102,212.73 2 1
github.com/oops1/gogit/internal/app/working.go:212.73,214.3 1 1
github.com/oops1/gogit/internal/app/working.go:215.2,215.54 1 1
github.com/oops1/gogit/internal/app/working.go:218.102,220.95 2 1
github.com/oops1/gogit/internal/app/working.go:220.95,221.62 1 1
github.com/oops1/gogit/internal/app/working.go:221.62,223.9 2 1
github.com/oops1/gogit/internal/app/working.go:226.2,226.54 1 1
github.com/oops1/gogit/internal/app/working.go:229.120,231.16 2 1
github.com/oops1/gogit/internal/app/working.go:231.16,233.3 1 1
github.com/oops1/gogit/internal/app/working.go:234.2,234.34 1 1
github.com/oops1/gogit/internal/app/working.go:234.34,236.3 1 1
github.com/oops1/gogit/internal/app/working.go:237.2,238.16 2 1
github.com/oops1/gogit/internal/app/working.go:238.16,240.3 1 0
github.com/oops1/gogit/internal/app/working.go:241.2,241.81 1 1
github.com/oops1/gogit/internal/app/working.go:244.67,245.17 1 1
github.com/oops1/gogit/internal/app/working.go:245.17,247.3 1 1
github.com/oops1/gogit/internal/app/working.go:248.2,249.16 2 1
github.com/oops1/gogit/internal/app/working.go:249.16,251.3 1 1
github.com/oops1/gogit/internal/app/working.go:252.2,252.24 1 1
github.com/oops1/gogit/internal/app/working.go:255.109,257.32 2 1
github.com/oops1/gogit/internal/app/working.go:257.32,259.3 1 1
github.com/oops1/gogit/internal/app/working.go:260.2,260.80 1 1
github.com/oops1/gogit/internal/app/working.go:260.80,263.3 2 1
github.com/oops1/gogit/internal/app/working.go:264.2,265.13 2 1
