mode: set
github.com/oops1/gogit/internal/ui/journal/authorcolumn.go:13.68,14.14 1 1
github.com/oops1/gogit/internal/ui/journal/authorcolumn.go:14.14,16.3 1 1
github.com/oops1/gogit/internal/ui/journal/authorcolumn.go:17.2,17.64 1 1
github.com/oops1/gogit/internal/ui/journal/authorcolumn.go:20.56,22.9 2 1
github.com/oops1/gogit/internal/ui/journal/authorcolumn.go:22.9,24.3 1 1
github.com/oops1/gogit/internal/ui/journal/authorcolumn.go:25.2,26.20 2 1
github.com/oops1/gogit/internal/ui/journal/authorcolumn.go:26.20,28.3 1 1
github.com/oops1/gogit/internal/ui/journal/authorcolumn.go:29.2,30.15 2 1
github.com/oops1/gogit/internal/ui/journal/authorcolumn.go:30.15,32.3 1 1
github.com/oops1/gogit/internal/ui/journal/authorcolumn.go:33.2,43.75 9 1
github.com/oops1/gogit/internal/ui/journal/authorcolumn.go:46.38,48.62 2 1
github.com/oops1/gogit/internal/ui/journal/authorcolumn.go:48.62,50.3 1 1
github.com/oops1/gogit/internal/ui/journal/authorcolumn.go:51.2,51.13 1 1
github.com/oops1/gogit/internal/ui/journal/badge.go:31.44,36.2 4 1
github.com/oops1/gogit/internal/ui/journal/badge.go:38.34,40.2 1 1
github.com/oops1/gogit/internal/ui/journal/badge.go:42.47,43.46 1 1
github.com/oops1/gogit/internal/ui/journal/badge.go:43.46,45.3 1 1
github.com/oops1/gogit/internal/ui/journal/badge.go:46.2,46.24 1 1
github.com/oops1/gogit/internal/ui/journal/badge.go:59.55,60.31 1 1
github.com/oops1/gogit/internal/ui/journal/badge.go:60.31,62.3 1 1
github.com/oops1/gogit/internal/ui/journal/badge.go:63.2,66.36 3 1
github.com/oops1/gogit/internal/ui/journal/badge.go:66.36,69.3 2 1
github.com/oops1/gogit/internal/ui/journal/badge.go:70.2,77.12 6 1
github.com/oops1/gogit/internal/ui/journal/badge.go:80.31,84.2 3 1
github.com/oops1/gogit/internal/ui/journal/badge.go:86.54,88.28 2 1
github.com/oops1/gogit/internal/ui/journal/badge.go:88.28,89.29 1 1
github.com/oops1/gogit/internal/ui/journal/badge.go:89.29,90.58 1 1
github.com/oops1/gogit/internal/ui/journal/badge.go:90.58,92.5 1 1
github.com/oops1/gogit/internal/ui/journal/badge.go:95.2,95.12 1 1
github.com/oops1/gogit/internal/ui/journal/badge.go:98.55,99.17 1 1
github.com/oops1/gogit/internal/ui/journal/badge.go:99.17,101.3 1 1
github.com/oops1/gogit/internal/ui/journal/badge.go:102.2,104.43 3 1
github.com/oops1/gogit/internal/ui/journal/badge.go:104.43,106.3 1 1
github.com/oops1/gogit/internal/ui/journal/badge.go:107.2,108.11 2 1
github.com/oops1/gogit/internal/ui/journal/badge.go:108.11,110.3 1 1
github.com/oops1/gogit/internal/ui/journal/badge.go:111.2,112.12 2 1
github.com/oops1/gogit/internal/ui/journal/badge.go:112.12,114.3 1 1
github.com/oops1/gogit/internal/ui/journal/badge.go:115.2,116.37 2 1
github.com/oops1/gogit/internal/ui/journal/initials.go:8.37,10.20 2 1
github.com/oops1/gogit/internal/ui/journal/initials.go:11.9,12.12 1 1
github.com/oops1/gogit/internal/ui/journal/initials.go:13.9,14.38 1 1
github.com/oops1/gogit/internal/ui/journal/initials.go:15.10,16.66 1 1
github.com/oops1/gogit/internal/ui/journal/initials.go:20.45,22.21 2 1
github.com/oops1/gogit/internal/ui/journal/initials.go:22.21,24.3 1 1
github.com/oops1/gogit/internal/ui/journal/initials.go:25.2,25.42 1 1
github.com/oops1/gogit/internal/ui/journal/initials.go:28.34,30.2 1 1
github.com/oops1/gogit/internal/ui/journal/model.go:13.102,14.43 1 1
github.com/oops1/gogit/internal/ui/journal/model.go:14.43,16.17 2 1
github.com/oops1/gogit/internal/ui/journal/model.go:16.17,19.4 2 1
github.com/oops1/gogit/internal/ui/journal/model.go:20.3,20.20 1 1
github.com/oops1/gogit/internal/ui/journal/model.go:20.20,22.4 1 1
github.com/oops1/gogit/internal/ui/journal/model.go:23.3,24.17 2 1
github.com/oops1/gogit/internal/ui/journal/model.go:24.17,27.4 2 1
github.com/oops1/gogit/internal/ui/journal/model.go:28.3,31.57 4 1
github.com/oops1/gogit/internal/ui/journal/model.go:31.57,32.18 1 1
github.com/oops1/gogit/internal/ui/journal/model.go:32.18,35.5 2 1
github.com/oops1/gogit/internal/ui/journal/model.go:36.4,36.48 1 1
github.com/oops1/gogit/internal/ui/journal/model.go:36.48,38.5 1 1
github.com/oops1/gogit/internal/ui/journal/model.go:43.66,45.16 2 1
github.com/oops1/gogit/internal/ui/journal/model.go:45.16,46.39 1 1
github.com/oops1/gogit/internal/ui/journal/model.go:46.39,48.4 1 1
github.com/oops1/gogit/internal/ui/journal/model.go:49.3,49.24 1 1
github.com/oops1/gogit/internal/ui/journal/model.go:51.2,51.24 1 1
github.com/oops1/gogit/internal/ui/journal/model.go:54.83,56.60 2 1
github.com/oops1/gogit/internal/ui/journal/model.go:56.60,57.17 1 1
github.com/oops1/gogit/internal/ui/journal/model.go:57.17,59.4 1 1
github.com/oops1/gogit/internal/ui/journal/model.go:60.3,60.72 1 1
github.com/oops1/gogit/internal/ui/journal/model.go:60.72,61.12 1 1
github.com/oops1/gogit/internal/ui/journal/model.go:63.3,64.27 2 1
github.com/oops1/gogit/internal/ui/journal/model.go:64.27,66.4 1 1
github.com/oops1/gogit/internal/ui/journal/model.go:67.3,67.18 1 1
github.com/oops1/gogit/internal/ui/journal/model.go:67.18,68.12 1 1
github.com/oops1/gogit/internal/ui/journal/model.go:70.3,70.62 1 1
github.com/oops1/gogit/internal/ui/journal/model.go:72.2,72.25 1 1
github.com/oops1/gogit/internal/ui/journal/model.go:82.91,85.2 2 1
github.com/oops1/gogit/internal/ui/journal/model.go:87.50,88.19 1 1
github.com/oops1/gogit/internal/ui/journal/model.go:88.19,90.3 1 1
github.com/oops1/gogit/internal/ui/journal/model.go:91.2,91.15 1 1
github.com/oops1/gogit/internal/ui/journal/model.go:94.50,95.12 1 1
github.com/oops1/gogit/internal/ui/journal/model.go:95.12,97.3 1 1
github.com/oops1/gogit/internal/ui/journal/model.go:98.2,100.20 3 1
github.com/oops1/gogit/internal/ui/journal/model.go:100.20,102.10 2 1
github.com/oops1/gogit/internal/ui/journal/model.go:102.10,104.4 1 1
github.com/oops1/gogit/internal/ui/journal/model.go:105.3,105.17 1 1
github.com/oops1/gogit/internal/ui/journal/model.go:105.17,107.4 1 1
github.com/oops1/gogit/internal/ui/journal/model.go:108.3,108.27 1 1
github.com/oops1/gogit/internal/ui/journal/model.go:110.2,110.25 1 1
github.com/oops1/gogit/internal/ui/journal/model.go:113.26,115.19 2 1
github.com/oops1/gogit/internal/ui/journal/model.go:115.19,117.3 1 1
github.com/oops1/gogit/internal/ui/journal/row.go:27.82,38.2 1 1
github.com/oops1/gogit/internal/ui/journal/row.go:40.39,41.59 1 1
github.com/oops1/gogit/internal/ui/journal/row.go:41.59,43.3 1 1
github.com/oops1/gogit/internal/ui/journal/row.go:44.2,44.16 1 1
github.com/oops1/gogit/internal/ui/journal/view.go:17.22,19.2 1 1
github.com/oops1/gogit/internal/ui/journal/view.go:21.50,24.72 3 1
github.com/oops1/gogit/internal/ui/journal/view.go:24.72,26.10 2 1
github.com/oops1/gogit/internal/ui/journal/view.go:26.10,28.4 1 1
github.com/oops1/gogit/internal/ui/journal/view.go:29.3,29.24 1 1
github.com/oops1/gogit/internal/ui/journal/view.go:29.24,31.4 1 1
github.com/oops1/gogit/internal/ui/journal/view.go:32.3,32.75 1 1
github.com/oops1/gogit/internal/ui/journal/view.go:32.75,34.4 1 1
github.com/oops1/gogit/internal/ui/journal/view.go:38.24,40.2 1 1
github.com/oops1/gogit/internal/ui/journal/view.go:42.35,43.27 1 1
github.com/oops1/gogit/internal/ui/journal/view.go:43.27,45.3 1 1
github.com/oops1/gogit/internal/ui/journal/view.go:48.28,50.2 1 1
github.com/oops1/gogit/internal/ui/journal/view.go:52.40,53.51 1 1
github.com/oops1/gogit/internal/ui/journal/view.go:53.51,55.3 1 1
github.com/oops1/gogit/internal/ui/journal/view.go:58.49,59.19 1 1
github.com/oops1/gogit/internal/ui/journal/view.go:59.19,61.3 1 1
github.com/oops1/gogit/internal/ui/journal/view.go:62.2,63.36 2 1
github.com/oops1/gogit/internal/ui/journal/view.go:63.36,65.3 1 1
github.com/oops1/gogit/internal/ui/journal/view.go:66.2,70.30 5 1
