mode: set
github.com/oops1/gogit/internal/ui/settings/model.go:29.43,43.2 2 1
github.com/oops1/gogit/internal/ui/settings/model.go:45.35,46.22 1 1
github.com/oops1/gogit/internal/ui/settings/model.go:46.22,48.3 1 1
github.com/oops1/gogit/internal/ui/settings/model.go:49.2,49.17 1 1
github.com/oops1/gogit/internal/ui/settings/model.go:50.43,50.43 0 1
github.com/oops1/gogit/internal/ui/settings/model.go:51.10,52.31 1 1
github.com/oops1/gogit/internal/ui/settings/model.go:54.2,57.10 4 1
github.com/oops1/gogit/internal/ui/settings/model.go:60.44,72.2 11 1
github.com/oops1/gogit/internal/ui/settings/model.go:74.33,75.13 1 1
github.com/oops1/gogit/internal/ui/settings/model.go:75.13,77.3 1 1
github.com/oops1/gogit/internal/ui/settings/model.go:78.2,78.13 1 1
github.com/oops1/gogit/internal/ui/settings/model.go:78.13,80.3 1 1
github.com/oops1/gogit/internal/ui/settings/model.go:81.2,81.10 1 1
github.com/oops1/gogit/internal/ui/settings/view.go:46.88,48.16 2 1
github.com/oops1/gogit/internal/ui/settings/view.go:48.16,50.3 1 1
github.com/oops1/gogit/internal/ui/settings/view.go:51.2,52.38 2 1
github.com/oops1/gogit/internal/ui/settings/view.go:52.38,54.3 1 1
github.com/oops1/gogit/internal/ui/settings/view.go:55.2,58.15 4 1
github.com/oops1/gogit/internal/ui/settings/view.go:61.40,61.56 1 1
github.com/oops1/gogit/internal/ui/settings/view.go:63.59,65.58 2 1
github.com/oops1/gogit/internal/ui/settings/view.go:65.58,67.3 1 1
github.com/oops1/gogit/internal/ui/settings/view.go:68.2,68.64 1 1
github.com/oops1/gogit/internal/ui/settings/view.go:68.64,70.3 1 1
github.com/oops1/gogit/internal/ui/settings/view.go:71.2,71.58 1 1
github.com/oops1/gogit/internal/ui/settings/view.go:71.58,73.3 1 1
github.com/oops1/gogit/internal/ui/settings/view.go:74.2,74.70 1 1
github.com/oops1/gogit/internal/ui/settings/view.go:74.70,76.3 1 1
github.com/oops1/gogit/internal/ui/settings/view.go:77.2,77.78 1 1
github.com/oops1/gogit/internal/ui/settings/view.go:77.78,79.3 1 1
github.com/oops1/gogit/internal/ui/settings/view.go:80.2,80.74 1 1
github.com/oops1/gogit/internal/ui/settings/view.go:80.74,82.3 1 1
github.com/oops1/gogit/internal/ui/settings/view.go:83.2,83.90 1 1
github.com/oops1/gogit/internal/ui/settings/view.go:83.90,85.3 1 1
github.com/oops1/gogit/internal/ui/settings/view.go:86.2,86.75 1 1
github.com/oops1/gogit/internal/ui/settings/view.go:86.75,88.3 1 1
github.com/oops1/gogit/internal/ui/settings/view.go:89.2,89.66 1 1
github.com/oops1/gogit/internal/ui/settings/view.go:89.66,91.3 1 1
github.com/oops1/gogit/internal/ui/settings/view.go:92.2,92.79 1 1
github.com/oops1/gogit/internal/ui/settings/view.go:92.79,94.3 1 1
github.com/oops1/gogit/internal/ui/settings/view.go:95.2,95.79 1 1
github.com/oops1/gogit/internal/ui/settings/view.go:95.79,97.3 1 1
github.com/oops1/gogit/internal/ui/settings/view.go:98.2,98.53 1 1
github.com/oops1/gogit/internal/ui/settings/view.go:98.53,100.3 1 1
github.com/oops1/gogit/internal/ui/settings/view.go:101.2,101.61 1 1
github.com/oops1/gogit/internal/ui/settings/view.go:101.61,103.3 1 1
github.com/oops1/gogit/internal/ui/settings/view.go:104.2,104.12 1 1
github.com/oops1/gogit/internal/ui/settings/view.go:107.36,109.35 2 1
github.com/oops1/gogit/internal/ui/settings/view.go:109.35,111.3 1 1
github.com/oops1/gogit/internal/ui/settings/view.go:112.2,112.29 1 1
github.com/oops1/gogit/internal/ui/settings/view.go:115.40,117.40 2 1
github.com/oops1/gogit/internal/ui/settings/view.go:117.40,119.3 1 1
github.com/oops1/gogit/internal/ui/settings/view.go:120.2,120.13 1 1
github.com/oops1/gogit/internal/ui/settings/view.go:123.31,134.2 10 1
github.com/oops1/gogit/internal/ui/settings/view.go:136.50,137.32 1 1
github.com/oops1/gogit/internal/ui/settings/view.go:137.32,138.16 1 1
github.com/oops1/gogit/internal/ui/settings/view.go:138.16,141.4 2 1
github.com/oops1/gogit/internal/ui/settings/view.go:145.35,146.31 1 1
github.com/oops1/gogit/internal/ui/settings/view.go:146.31,147.17 1 1
github.com/oops1/gogit/internal/ui/settings/view.go:147.17,149.4 1 1
github.com/oops1/gogit/internal/ui/settings/view.go:151.2,151.10 1 1
github.com/oops1/gogit/internal/ui/settings/view.go:154.30,155.39 1 1
github.com/oops1/gogit/internal/ui/settings/view.go:155.39,157.3 1 1
github.com/oops1/gogit/internal/ui/settings/view.go:158.2,158.24 1 1
github.com/oops1/gogit/internal/ui/settings/view.go:161.32,163.70 2 1
github.com/oops1/gogit/internal/ui/settings/view.go:163.70,165.3 1 1
github.com/oops1/gogit/internal/ui/settings/view.go:166.2,177.16 1 1
github.com/oops1/gogit/internal/ui/settings/view.go:180.23,185.2 4 1
github.com/oops1/gogit/internal/ui/settings/view.go:187.26,188.19 1 1
github.com/oops1/gogit/internal/ui/settings/view.go:188.19,190.3 1 1
github.com/oops1/gogit/internal/ui/settings/view.go:193.25,194.23 1 1
github.com/oops1/gogit/internal/ui/settings/view.go:194.23,196.3 1 1
github.com/oops1/gogit/internal/assets/assets.go:26.26,28.2 1 1
github.com/oops1/gogit/internal/assets/assets.go:30.38,32.2 1 1
github.com/oops1/gogit/internal/assets/assets.go:34.42,36.2 1 1
github.com/oops1/gogit/internal/assets/assets.go:38.19,40.2 1 1
github.com/oops1/gogit/internal/assets/assets.go:42.40,44.2 1 1
github.com/oops1/gogit/internal/assets/assets.go:46.27,48.2 1 1
github.com/oops1/gogit/internal/assets/assets.go:50.46,52.2 1 1
github.com/oops1/gogit/internal/assets/assets.go:54.33,56.2 1 1
github.com/oops1/gogit/internal/assets/assets.go:58.44,60.2 1 1
github.com/oops1/gogit/internal/assets/assets.go:62.31,64.2 1 1
github.com/oops1/gogit/internal/assets/assets.go:66.38,69.28 3 1
github.com/oops1/gogit/internal/assets/assets.go:69.28,70.16 1 1
github.com/oops1/gogit/internal/assets/assets.go:70.16,71.12 1 1
github.com/oops1/gogit/internal/assets/assets.go:73.3,73.62 1 1
github.com/oops1/gogit/internal/assets/assets.go:75.2,75.14 1 1
github.com/oops1/gogit/internal/i18n/i18n.go:24.42,26.16 2 1
github.com/oops1/gogit/internal/i18n/i18n.go:26.16,28.3 1 1
github.com/oops1/gogit/internal/i18n/i18n.go:29.2,30.28 2 1
github.com/oops1/gogit/internal/i18n/i18n.go:30.28,32.53 2 1
github.com/oops1/gogit/internal/i18n/i18n.go:32.53,33.12 1 1
github.com/oops1/gogit/internal/i18n/i18n.go:35.3,36.17 2 1
github.com/oops1/gogit/internal/i18n/i18n.go:36.17,38.4 1 1
github.com/oops1/gogit/internal/i18n/i18n.go:39.3,40.54 2 1
github.com/oops1/gogit/internal/i18n/i18n.go:40.54,42.4 1 1
github.com/oops1/gogit/internal/i18n/i18n.go:43.3,43.26 1 1
github.com/oops1/gogit/internal/i18n/i18n.go:45.2,45.17 1 1
github.com/oops1/gogit/internal/i18n/i18n.go:48.35,50.2 1 1
github.com/oops1/gogit/internal/i18n/i18n.go:52.39,53.33 1 1
github.com/oops1/gogit/internal/i18n/i18n.go:53.33,55.10 2 1
github.com/oops1/gogit/internal/i18n/i18n.go:55.10,58.4 2 1
github.com/oops1/gogit/internal/i18n/i18n.go:59.3,59.27 1 1
github.com/oops1/gogit/internal/i18n/i18n.go:59.27,61.4 1 1
github.com/oops1/gogit/internal/i18n/i18n.go:65.35,67.22 2 1
github.com/oops1/gogit/internal/i18n/i18n.go:67.22,69.3 1 1
github.com/oops1/gogit/internal/i18n/i18n.go:70.2,71.14 2 1
github.com/oops1/gogit/internal/i18n/i18n.go:74.68,76.9 2 1
github.com/oops1/gogit/internal/i18n/i18n.go:76.9,78.3 1 1
github.com/oops1/gogit/internal/i18n/i18n.go:79.2,80.29 2 1
github.com/oops1/gogit/internal/i18n/i18n.go:80.29,81.24 1 1
github.com/oops1/gogit/internal/i18n/i18n.go:81.24,82.12 1 1
github.com/oops1/gogit/internal/i18n/i18n.go:84.3,84.24 1 1
github.com/oops1/gogit/internal/i18n/i18n.go:84.24,85.32 1 1
github.com/oops1/gogit/internal/i18n/i18n.go:85.32,87.5 1 1
github.com/oops1/gogit/internal/i18n/i18n.go:89.3,89.26 1 1
github.com/oops1/gogit/internal/i18n/i18n.go:91.2,91.12 1 1
github.com/oops1/gogit/internal/i18n/i18n.go:94.29,95.29 1 1
github.com/oops1/gogit/internal/i18n/i18n.go:95.29,97.3 1 1
github.com/oops1/gogit/internal/i18n/i18n.go:98.2,98.38 1 1
github.com/oops1/gogit/internal/i18n/i18n.go:101.33,103.2 1 1
github.com/oops1/gogit/internal/i18n/i18n.go:105.47,107.2 1 1
github.com/oops1/gogit/internal/i18n/i18n.go:109.66,111.16 2 1
github.com/oops1/gogit/internal/i18n/i18n.go:111.16,113.3 1 1
github.com/oops1/gogit/internal/i18n/i18n.go:114.2,114.19 1 1
github.com/oops1/gogit/internal/i18n/i18n.go:114.19,116.52 2 1
github.com/oops1/gogit/internal/i18n/i18n.go:116.52,118.4 1 1
github.com/oops1/gogit/internal/i18n/i18n.go:119.3,119.18 1 1
github.com/oops1/gogit/internal/i18n/i18n.go:121.2,122.17 2 1
github.com/oops1/gogit/internal/i18n/i18n.go:125.25,127.2 1 1
github.com/oops1/gogit/internal/i18n/i18n.go:129.23,131.2 1 1
github.com/oops1/gogit/internal/i18n/i18n.go:133.27,135.2 1 1
github.com/oops1/gogit/internal/i18n/i18n.go:137.41,139.2 1 1
github.com/oops1/gogit/internal/config/config.go:83.24,92.2 1 1
github.com/oops1/gogit/internal/config/config.go:94.41,96.36 2 1
github.com/oops1/gogit/internal/config/config.go:96.36,98.3 1 1
github.com/oops1/gogit/internal/config/config.go:99.2,99.16 1 1
github.com/oops1/gogit/internal/config/config.go:99.16,101.3 1 1
github.com/oops1/gogit/internal/config/config.go:102.2,102.20 1 1
github.com/oops1/gogit/internal/config/config.go:105.42,107.58 2 1
github.com/oops1/gogit/internal/config/config.go:107.58,109.3 1 1
github.com/oops1/gogit/internal/config/config.go:110.2,110.34 1 1
github.com/oops1/gogit/internal/config/config.go:110.34,112.3 1 1
github.com/oops1/gogit/internal/config/config.go:113.2,115.17 3 1
github.com/oops1/gogit/internal/config/config.go:118.30,119.22 1 1
github.com/oops1/gogit/internal/config/config.go:119.22,121.3 1 1
github.com/oops1/gogit/internal/config/config.go:122.2,122.51 1 1
github.com/oops1/gogit/internal/config/config.go:122.51,124.3 1 1
github.com/oops1/gogit/internal/config/config.go:125.2,125.37 1 1
github.com/oops1/gogit/internal/config/config.go:125.37,127.3 1 1
github.com/oops1/gogit/internal/config/config.go:128.2,128.39 1 1
github.com/oops1/gogit/internal/config/config.go:128.39,130.3 1 1
github.com/oops1/gogit/internal/config/config.go:131.2,131.28 1 1
github.com/oops1/gogit/internal/config/config.go:131.28,133.3 1 1
github.com/oops1/gogit/internal/config/config.go:134.2,134.30 1 1
github.com/oops1/gogit/internal/config/config.go:134.30,136.3 1 1
github.com/oops1/gogit/internal/config/config.go:137.2,137.29 1 1
github.com/oops1/gogit/internal/config/config.go:137.29,139.3 1 1
github.com/oops1/gogit/internal/config/config.go:142.43,146.2 3 1
github.com/oops1/gogit/internal/config/config.go:148.42,150.16 2 1
github.com/oops1/gogit/internal/config/config.go:150.16,152.3 1 1
github.com/oops1/gogit/internal/config/config.go:153.2,153.12 1 1
github.com/oops1/gogit/internal/config/config.go:156.50,157.63 1 1
github.com/oops1/gogit/internal/config/config.go:157.63,159.3 1 1
github.com/oops1/gogit/internal/config/config.go:160.2,161.55 2 1
github.com/oops1/gogit/internal/config/config.go:161.55,163.3 1 1
github.com/oops1/gogit/internal/config/config.go:164.2,164.29 1 1
github.com/oops1/gogit/internal/config/config.go:167.63,168.35 1 1
github.com/oops1/gogit/internal/config/config.go:168.35,169.17 1 1
github.com/oops1/gogit/internal/config/config.go:169.17,171.4 1 1
github.com/oops1/gogit/internal/config/config.go:173.2,173.28 1 1
github.com/oops1/gogit/internal/config/config.go:176.51,177.42 1 1
github.com/oops1/gogit/internal/config/config.go:177.42,178.85 1 1
github.com/oops1/gogit/internal/config/config.go:178.85,180.4 1 1
github.com/oops1/gogit/internal/config/config.go:182.2,183.13 2 1
github.com/oops1/gogit/internal/config/config.go:186.51,187.35 1 1
github.com/oops1/gogit/internal/config/config.go:187.35,188.17 1 1
github.com/oops1/gogit/internal/config/config.go:188.17,191.4 2 1
github.com/oops1/gogit/internal/config/config.go:193.2,193.14 1 1
github.com/oops1/gogit/internal/config/config.go:196.41,197.36 1 1
github.com/oops1/gogit/internal/config/config.go:197.36,198.26 1 1
github.com/oops1/gogit/internal/config/config.go:198.26,200.4 1 1
github.com/oops1/gogit/internal/config/config.go:202.2,203.13 2 1
github.com/oops1/gogit/internal/config/config.go:206.46,208.29 2 1
github.com/oops1/gogit/internal/config/config.go:208.29,209.17 1 1
github.com/oops1/gogit/internal/config/config.go:209.17,211.9 2 1
github.com/oops1/gogit/internal/config/config.go:214.2,214.13 1 1
github.com/oops1/gogit/internal/config/config.go:214.13,216.3 1 1
github.com/oops1/gogit/internal/config/config.go:217.2,218.26 2 1
github.com/oops1/gogit/internal/config/config.go:218.26,219.31 1 1
github.com/oops1/gogit/internal/config/config.go:219.31,221.4 1 1
github.com/oops1/gogit/internal/config/config.go:223.2,223.32 1 1
github.com/oops1/gogit/internal/config/config.go:223.32,224.36 1 1
github.com/oops1/gogit/internal/config/config.go:224.36,226.4 1 1
github.com/oops1/gogit/internal/config/config.go:228.2,228.13 1 1
github.com/oops1/gogit/internal/config/paths.go:15.36,16.47 1 1
github.com/oops1/gogit/internal/config/paths.go:16.47,18.3 1 1
github.com/oops1/gogit/internal/config/paths.go:19.2,20.16 2 1
github.com/oops1/gogit/internal/config/paths.go:20.16,22.3 1 1
github.com/oops1/gogit/internal/config/paths.go:23.2,23.71 1 1
github.com/oops1/gogit/internal/config/paths.go:26.37,27.23 1 1
github.com/oops1/gogit/internal/config/paths.go:27.23,29.3 1 1
github.com/oops1/gogit/internal/config/paths.go:30.2,30.16 1 1
github.com/oops1/gogit/internal/config/paths.go:33.37,33.83 1 1
github.com/oops1/gogit/internal/config/paths.go:34.37,34.83 1 1
github.com/oops1/gogit/internal/config/paths.go:35.37,35.81 1 1
github.com/oops1/gogit/internal/config/paths.go:36.37,36.81 1 1
github.com/oops1/gogit/internal/config/paths.go:37.37,37.83 1 1
github.com/oops1/gogit/internal/config/paths.go:38.37,38.76 1 1
github.com/oops1/gogit/internal/config/paths.go:40.31,42.2 1 1
